[2026-01-02 14:30:49] [WebConfig           ] [INFO ] [I] ✅ 项目配置加载成功
[2026-01-02 14:30:49] [WebConfig           ] [INFO ] [I] ✅ 番茄自动上传模块(main_controller)加载成功
[2026-01-02 14:30:49] [WebConfig           ] [INFO ] [I] ✅ 签约上传API加载成功
[2026-01-02 14:30:49] [WebConfig           ] [INFO ] [I] ✅ 服务监控模块加载成功
[2026-01-02 14:30:49] [WebConfig           ] [INFO ] [I] ✅ 检查点功能已启用
[2026-01-02 14:30:49] [WebConfig           ] [INFO ] [I] 🔧 NovelGenerationManager 初始化开始
[2026-01-02 14:30:49] [WebConfig           ] [INFO ] [I] 🔍 扫描已存在的小说项目...
[2026-01-02 14:30:49] [WebConfig           ] [INFO ] [I] 📊 加载质量数据完成: 剑主调教系统
[2026-01-02 14:30:49] [WebConfig           ] [INFO ] [I]   - 已加载 0 章
[2026-01-02 14:30:49] [WebConfig           ] [INFO ] [I] ✅ 加载小说项目(新路径): 剑主调教系统
[2026-01-02 14:30:49] [WebConfig           ] [INFO ] [I] 📊 加载质量数据完成: 变成魔剑去杀戮
[2026-01-02 14:30:49] [WebConfig           ] [INFO ] [I]   - 已加载 0 章
[2026-01-02 14:30:49] [WebConfig           ] [INFO ] [I] ✅ 加载小说项目(新路径): 变成魔剑去杀戮
[2026-01-02 14:30:49] [WebConfig           ] [INFO ] [I] ✅ 从 plans 目录找到 4 个阶段写作计划文件
[2026-01-02 14:30:49] [WebConfig           ] [INFO ] [I] ✅ 已加载写作计划: 吞噬万界：从一把生锈铁剑开始_climax_stage_writing_plan.json -> 阶段: climax
[2026-01-02 14:30:49] [WebConfig           ] [INFO ] [I] ✅ 已加载写作计划: 吞噬万界：从一把生锈铁剑开始_development_stage_writing_plan.json -> 阶段: development
[2026-01-02 14:30:49] [WebConfig           ] [INFO ] [I] ✅ 已加载写作计划: 吞噬万界：从一把生锈铁剑开始_ending_stage_writing_plan.json -> 阶段: ending
[2026-01-02 14:30:49] [WebConfig           ] [INFO ] [I] ✅ 已加载写作计划: 吞噬万界：从一把生锈铁剑开始_opening_stage_writing_plan.json -> 阶段: opening
[2026-01-02 14:30:49] [WebConfig           ] [INFO ] [I] 📊 加载质量数据完成: 吞噬万界：从一把生锈铁剑开始
[2026-01-02 14:30:49] [WebConfig           ] [INFO ] [I]   - 已加载 0 章
[2026-01-02 14:30:49] [WebConfig           ] [INFO ] [I] ✅ 加载小说项目(新路径): 吞噬万界：从一把生锈铁剑开始
[2026-01-02 14:30:49] [WebConfig           ] [INFO ] [I] ✅ 从 plans 目录找到 1 个阶段写作计划文件
[2026-01-02 14:30:49] [WebConfig           ] [INFO ] [I] ✅ 已加载写作计划: 葬天魔剑：我以世界为鞘_opening_stage_writing_plan.json -> 阶段: opening
[2026-01-02 14:30:49] [WebConfig           ] [INFO ] [I] 📊 加载质量数据完成: 葬天魔剑：我以世界为鞘
[2026-01-02 14:30:49] [WebConfig           ] [INFO ] [I]   - 已加载 0 章
[2026-01-02 14:30:49] [WebConfig           ] [INFO ] [I] ✅ 加载小说项目(新路径): 葬天魔剑：我以世界为鞘
[2026-01-02 14:30:49] [WebConfig           ] [INFO ] [I] ✅ 通过常见文件名找到写作计划: 小说项目\重生为剑，宿主只是耗材\planning\重生为剑，宿主只是耗材_写作计划.json
[2026-01-02 14:30:49] [WebConfig           ] [INFO ] [I] ✅ 已加载写作计划: 重生为剑，宿主只是耗材_写作计划.json -> 阶段: unknown
[2026-01-02 14:30:49] [WebConfig           ] [INFO ] [I] 📊 加载质量数据完成: 重生为剑，宿主只是耗材
[2026-01-02 14:30:49] [WebConfig           ] [INFO ] [I]   - 已加载 0 章
[2026-01-02 14:30:49] [WebConfig           ] [INFO ] [I] ✅ 加载小说项目(新路径): 重生为剑，宿主只是耗材
[2026-01-02 14:30:49] [WebConfig           ] [INFO ] [I] 📊 加载质量数据完成: 重生成剑，开局祭天宿主
[2026-01-02 14:30:49] [WebConfig           ] [INFO ] [I]   - 已加载 0 章
[2026-01-02 14:30:49] [WebConfig           ] [INFO ] [I] ✅ 加载小说项目(新路径): 重生成剑，开局祭天宿主
[2026-01-02 14:30:49] [WebConfig           ] [INFO ] [I] ✅ 从 plans 目录找到 1 个阶段写作计划文件
[2026-01-02 14:30:49] [WebConfig           ] [INFO ] [I] ✅ 已加载写作计划: 重生成剑：宿主只是电池_opening_stage_writing_plan.json -> 阶段: opening
[2026-01-02 14:30:49] [WebConfig           ] [INFO ] [I] 📊 加载质量数据完成: 重生成剑：宿主只是电池
[2026-01-02 14:30:49] [WebConfig           ] [INFO ] [I]   - 已加载 0 章
[2026-01-02 14:30:49] [WebConfig           ] [INFO ] [I] ✅ 加载小说项目(新路径): 重生成剑：宿主只是电池
[2026-01-02 14:30:49] [WebConfig           ] [INFO ] [I] 📊 加载质量数据完成: 重生魔剑：开局献祭宿主
[2026-01-02 14:30:49] [WebConfig           ] [INFO ] [I]   - 已加载 0 章
[2026-01-02 14:30:49] [WebConfig           ] [INFO ] [I] ✅ 加载小说项目(新路径): 重生魔剑：开局献祭宿主
[2026-01-02 14:30:49] [WebConfig           ] [INFO ] [I] 📚 总共加载了 8 个小说项目
[2026-01-02 14:30:49] [WebConfig           ] [INFO ] [I] 🔧 NovelGenerationManager 初始化完成，加载了 8 个小说项目

🧪🧪🧪🧪🧪🧪🧪🧪🧪🧪🧪🧪🧪🧪🧪🧪🧪🧪🧪🧪🧪🧪🧪🧪🧪🧪🧪🧪🧪🧪
开始测试视频事件过滤功能
🧪🧪🧪🧪🧪🧪🧪🧪🧪🧪🧪🧪🧪🧪🧪🧪🧪🧪🧪🧪🧪🧪🧪🧪🧪🧪🧪🧪🧪🧪


============================================================
测试1：没有选中任何事件
============================================================
✅ 原始事件数: 3
✅ 过滤后事件数: 0
✅ 预期: 应返回空列表
✅ 测试通过


============================================================
测试2：选中整个重大事件
============================================================
[2026-01-02 14:30:49] [test_video_event_filtering] [INFO ] [I]   ✅ 选中重大事件: 事件1
[2026-01-02 14:30:49] [test_video_event_filtering] [INFO ] [I]   ✅ 选中重大事件: 事件3
✅ 原始事件数: 3
✅ 选中事件: ['事件1', '事件3']
✅ 过滤后事件数: 2
✅ 过滤后事件: ['事件1', '事件3']
✅ 预期: 应返回2个完整事件（事件1和事件3）
✅ 测试通过


============================================================
测试3：通过ID选中重大事件
============================================================
[2026-01-02 14:30:49] [test_video_event_filtering] [INFO ] [I]   ✅ 选中重大事件: 事件2
✅ 原始事件数: 3
✅ 选中事件ID: ['major_event_1', 'event_1']
✅ 过滤后事件数: 1
✅ 过滤后事件: ['事件2']
✅ 预期: 应返回1个完整事件（事件2）
✅ 测试通过


============================================================
测试4：选中部分中级事件
============================================================
[2026-01-02 14:30:49] [test_video_event_filtering] [INFO ] [I]   📊 事件 0 (事件1): 找到 2 个选中的中级事件
[2026-01-02 14:30:49] [test_video_event_filtering] [INFO ] [I]   📊 事件 1 (事件2): 找到 1 个选中的中级事件
[2026-01-02 14:30:49] [test_video_event_filtering] [INFO ] [I]   ✅ 部分选中重大事件: 事件1 (包含 2 个中级事件)
[2026-01-02 14:30:49] [test_video_event_filtering] [INFO ] [I]   ✅ 部分选中重大事件: 事件2 (包含 1 个中级事件)
✅ 原始事件数: 3
✅ 选中中级事件ID: ['major_event_0_event_0_0', 'major_event_0_event_0_1', 'major_event_1_event_2_0']
✅ 过滤后事件数: 2
✅ 预期: 应返回2个事件（事件1包含2个中级事件，事件2包含1个中级事件）
✅ 测试通过


============================================================
测试5：混合选择（重大事件+中级事件）
============================================================
[2026-01-02 14:30:49] [test_video_event_filtering] [INFO ] [I]   📊 事件 1 (事件2): 找到 1 个选中的中级事件
[2026-01-02 14:30:49] [test_video_event_filtering] [INFO ] [I]   ✅ 选中重大事件: 事件1
[2026-01-02 14:30:49] [test_video_event_filtering] [INFO ] [I]   ✅ 部分选中重大事件: 事件2 (包含 1 个中级事件)
✅ 原始事件数: 3
✅ 选中内容: ['事件1', 'major_event_1_event_2_0']
✅ 过滤后事件数: 2
✅ 预期: 应返回2个事件（事件1完整，事件2部分）
✅ 测试通过


============================================================
🎉 所有测试通过！
============================================================

✅ 事件过滤功能工作正常
✅ 现在用户可以选择特定事件生成分镜头脚本
✅ 未选中事件将被正确过滤
